// Jest Snapshot v1, https://goo.gl/fbAQLP

exports[`Golden snapshot valid complete config matches snapshot 1`] = `
{
  "discord": {
    "allowlistedUserIds": [
      "1234567890",
    ],
    "channelId": "3333333333",
    "guildId": "2222222222",
    "permissionsChannelId": "4444444444",
  },
  "mode": "connected",
  "sandboxLifecycle": {
    "cleanupOnStartup": true,
    "maxSandboxes": 5,
    "portRange": {
      "end": 14099,
      "start": 14000,
    },
    "staleTtlMs": 60000,
  },
  "workspaces": {
    "activeRoot": "<TMPROOT>",
    "allowedRoots": [
      "<TMPROOT>",
    ],
  },
}
`;
